[07/10/26 17:53:20] INFO     No custom team name replacements found. You can configure   _config.py:92
                             these in                                                                 
                             /Users/joebernal/soccerdata/config/teamname_replacements.js              
                             on.                                                                      
                    INFO     No custom league dict found. You can configure additional  _config.py:190
                             leagues in                                                               
                             /Users/joebernal/soccerdata/config/league_dict.json.                     
                    INFO     Saving cached data to                                      _common.py:250
                             /Users/joebernal/soccerdata/data/Understat                               
[2026-07-10 17:53:20] INFO     TLSLibrary:_load_library:397 - Successfully loaded TLS library: /Users/joebernal/Documents/Projects/Futbol-Modelo/futbol-modelo/.venv/lib/python3.14/site-packages/tls_requests/bin/tls-client-darwin-arm64-1.13.1.dylib
                    INFO     Successfully loaded TLS library:                         libraries.py:397
                             /Users/joebernal/Documents/Projects/Futbol-Modelo/futbol                 
                             -modelo/.venv/lib/python3.14/site-packages/tls_requests/                 
                             bin/tls-client-darwin-arm64-1.13.1.dylib                                 
[07/10/26 17:53:21] INFO     Understat schedule: 380 rows                                 loader.py:99
[07/10/26 17:53:49] INFO     Understat shots: 9932 rows                                  loader.py:122
[07/10/26 18:01:43] INFO     skipping FBref stage                                        loader.py:343
                    INFO     done: backfill SERIE_A ['2122']                             loader.py:346
[07/10/26 18:01:44] INFO     No custom team name replacements found. You can configure   _config.py:92
                             these in                                                                 
                             /Users/joebernal/soccerdata/config/teamname_replacements.js              
                             on.                                                                      
                    INFO     No custom league dict found. You can configure additional  _config.py:190
                             leagues in                                                               
                             /Users/joebernal/soccerdata/config/league_dict.json.                     
                    INFO     Saving cached data to                                      _common.py:250
                             /Users/joebernal/soccerdata/data/Understat                               
[2026-07-10 18:01:44] INFO     TLSLibrary:_load_library:397 - Successfully loaded TLS library: /Users/joebernal/Documents/Projects/Futbol-Modelo/futbol-modelo/.venv/lib/python3.14/site-packages/tls_requests/bin/tls-client-darwin-arm64-1.13.1.dylib
                    INFO     Successfully loaded TLS library:                         libraries.py:397
                             /Users/joebernal/Documents/Projects/Futbol-Modelo/futbol                 
                             -modelo/.venv/lib/python3.14/site-packages/tls_requests/                 
                             bin/tls-client-darwin-arm64-1.13.1.dylib                                 
                    INFO     Understat schedule: 380 rows                                 loader.py:99
[07/10/26 18:02:11] INFO     Understat shots: 9675 rows                                  loader.py:122
[07/10/26 18:09:53] INFO     skipping FBref stage                                        loader.py:343
                    INFO     done: backfill SERIE_A ['2223']                             loader.py:346
[07/10/26 18:09:53] INFO     No custom team name replacements found. You can configure   _config.py:92
                             these in                                                                 
                             /Users/joebernal/soccerdata/config/teamname_replacements.js              
                             on.                                                                      
                    INFO     No custom league dict found. You can configure additional  _config.py:190
                             leagues in                                                               
                             /Users/joebernal/soccerdata/config/league_dict.json.                     
                    INFO     Saving cached data to                                      _common.py:250
                             /Users/joebernal/soccerdata/data/Understat                               
[2026-07-10 18:09:53] INFO     TLSLibrary:_load_library:397 - Successfully loaded TLS library: /Users/joebernal/Documents/Projects/Futbol-Modelo/futbol-modelo/.venv/lib/python3.14/site-packages/tls_requests/bin/tls-client-darwin-arm64-1.13.1.dylib
                    INFO     Successfully loaded TLS library:                         libraries.py:397
                             /Users/joebernal/Documents/Projects/Futbol-Modelo/futbol                 
                             -modelo/.venv/lib/python3.14/site-packages/tls_requests/                 
                             bin/tls-client-darwin-arm64-1.13.1.dylib                                 
[07/10/26 18:09:54] INFO     Understat schedule: 380 rows                                 loader.py:99
[07/10/26 18:10:11] INFO     Understat shots: 9728 rows                                  loader.py:122
[07/10/26 18:14:29] INFO     skipping FBref stage                                        loader.py:343
                    INFO     done: backfill SERIE_A ['2324']                             loader.py:346
[07/10/26 18:14:30] INFO     No custom team name replacements found. You can configure   _config.py:92
                             these in                                                                 
                             /Users/joebernal/soccerdata/config/teamname_replacements.js              
                             on.                                                                      
                    INFO     No custom league dict found. You can configure additional  _config.py:190
                             leagues in                                                               
                             /Users/joebernal/soccerdata/config/league_dict.json.                     
                    INFO     Saving cached data to                                      _common.py:250
                             /Users/joebernal/soccerdata/data/Understat                               
[2026-07-10 18:14:30] INFO     TLSLibrary:_load_library:397 - Successfully loaded TLS library: /Users/joebernal/Documents/Projects/Futbol-Modelo/futbol-modelo/.venv/lib/python3.14/site-packages/tls_requests/bin/tls-client-darwin-arm64-1.13.1.dylib
                    INFO     Successfully loaded TLS library:                         libraries.py:397
                             /Users/joebernal/Documents/Projects/Futbol-Modelo/futbol                 
                             -modelo/.venv/lib/python3.14/site-packages/tls_requests/                 
                             bin/tls-client-darwin-arm64-1.13.1.dylib                                 
                    INFO     Understat schedule: 380 rows                                 loader.py:99
[07/10/26 18:14:46] INFO     Understat shots: 9242 rows                                  loader.py:122
[07/10/26 18:18:43] INFO     skipping FBref stage                                        loader.py:343
                    INFO     done: backfill SERIE_A ['2425']                             loader.py:346
[07/10/26 18:18:43] INFO     No custom team name replacements found. You can configure   _config.py:92
                             these in                                                                 
                             /Users/joebernal/soccerdata/config/teamname_replacements.js              
                             on.                                                                      
                    INFO     No custom league dict found. You can configure additional  _config.py:190
                             leagues in                                                               
                             /Users/joebernal/soccerdata/config/league_dict.json.                     
                    INFO     Saving cached data to                                      _common.py:250
                             /Users/joebernal/soccerdata/data/Understat                               
[2026-07-10 18:18:43] INFO     TLSLibrary:_load_library:397 - Successfully loaded TLS library: /Users/joebernal/Documents/Projects/Futbol-Modelo/futbol-modelo/.venv/lib/python3.14/site-packages/tls_requests/bin/tls-client-darwin-arm64-1.13.1.dylib
                    INFO     Successfully loaded TLS library:                         libraries.py:397
                             /Users/joebernal/Documents/Projects/Futbol-Modelo/futbol                 
                             -modelo/.venv/lib/python3.14/site-packages/tls_requests/                 
                             bin/tls-client-darwin-arm64-1.13.1.dylib                                 
[07/10/26 18:18:44] INFO     Understat schedule: 380 rows                                 loader.py:99
[07/10/26 18:19:00] INFO     Understat shots: 9373 rows                                  loader.py:122
[07/10/26 18:23:04] INFO     skipping FBref stage                                        loader.py:343
                    INFO     done: backfill SERIE_A ['2526']                             loader.py:346
