[07/10/26 09:02:18] INFO     No custom team name replacements found. You can configure   _config.py:92
                             these in                                                                 
                             /Users/joebernal/soccerdata/config/teamname_replacements.js              
                             on.                                                                      
                    INFO     No custom league dict found. You can configure additional  _config.py:190
                             leagues in                                                               
                             /Users/joebernal/soccerdata/config/league_dict.json.                     
                    INFO     Saving cached data to                                      _common.py:250
                             /Users/joebernal/soccerdata/data/Understat                               
[2026-07-10 09:02:18] INFO     TLSLibrary:_load_library:397 - Successfully loaded TLS library: /Users/joebernal/Documents/Projects/Futbol-Modelo/futbol-modelo/.venv/lib/python3.14/site-packages/tls_requests/bin/tls-client-darwin-arm64-1.13.1.dylib
                    INFO     Successfully loaded TLS library:                         libraries.py:397
                             /Users/joebernal/Documents/Projects/Futbol-Modelo/futbol                 
                             -modelo/.venv/lib/python3.14/site-packages/tls_requests/                 
                             bin/tls-client-darwin-arm64-1.13.1.dylib                                 
[07/10/26 09:02:20] INFO     Understat schedule: 380 rows                                 loader.py:99
Traceback (most recent call last):
  File "<frozen runpy>", line 198, in _run_module_as_main
  File "<frozen runpy>", line 88, in _run_code
  File "/Users/joebernal/Documents/Projects/Futbol-Modelo/futbol-modelo/src/ingestion/loader.py", line 370, in <module>
    main()
    ~~~~^^
  File "/Users/joebernal/Documents/Projects/Futbol-Modelo/futbol-modelo/src/ingestion/loader.py", line 335, in main
    load_understat(conn, lg, args.seasons)
    ~~~~~~~~~~~~~~^^^^^^^^^^^^^^^^^^^^^^^^
  File "/Users/joebernal/Documents/Projects/Futbol-Modelo/futbol-modelo/src/ingestion/loader.py", line 102, in load_understat
    home = entities.resolve_team("understat", r["home_team"])
  File "/Users/joebernal/Documents/Projects/Futbol-Modelo/futbol-modelo/src/ingestion/entities.py", line 146, in resolve_team
    raise UnknownTeamError(
    ...<2 lines>...
    )
ingestion.entities.UnknownTeamError: Unmapped team 'Empoli' from 'understat'. Add it to TEAM_SEED — do not guess.
[07/10/26 09:02:21] INFO     No custom team name replacements found. You can configure   _config.py:92
                             these in                                                                 
                             /Users/joebernal/soccerdata/config/teamname_replacements.js              
                             on.                                                                      
                    INFO     No custom league dict found. You can configure additional  _config.py:190
                             leagues in                                                               
                             /Users/joebernal/soccerdata/config/league_dict.json.                     
                    INFO     Saving cached data to                                      _common.py:250
                             /Users/joebernal/soccerdata/data/Understat                               
[2026-07-10 09:02:21] INFO     TLSLibrary:_load_library:397 - Successfully loaded TLS library: /Users/joebernal/Documents/Projects/Futbol-Modelo/futbol-modelo/.venv/lib/python3.14/site-packages/tls_requests/bin/tls-client-darwin-arm64-1.13.1.dylib
                    INFO     Successfully loaded TLS library:                         libraries.py:397
                             /Users/joebernal/Documents/Projects/Futbol-Modelo/futbol                 
                             -modelo/.venv/lib/python3.14/site-packages/tls_requests/                 
                             bin/tls-client-darwin-arm64-1.13.1.dylib                                 
[07/10/26 09:02:22] INFO     Understat schedule: 380 rows                                 loader.py:99
Traceback (most recent call last):
  File "<frozen runpy>", line 198, in _run_module_as_main
  File "<frozen runpy>", line 88, in _run_code
  File "/Users/joebernal/Documents/Projects/Futbol-Modelo/futbol-modelo/src/ingestion/loader.py", line 370, in <module>
    main()
    ~~~~^^
  File "/Users/joebernal/Documents/Projects/Futbol-Modelo/futbol-modelo/src/ingestion/loader.py", line 335, in main
    load_understat(conn, lg, args.seasons)
    ~~~~~~~~~~~~~~^^^^^^^^^^^^^^^^^^^^^^^^
  File "/Users/joebernal/Documents/Projects/Futbol-Modelo/futbol-modelo/src/ingestion/loader.py", line 102, in load_understat
    home = entities.resolve_team("understat", r["home_team"])
  File "/Users/joebernal/Documents/Projects/Futbol-Modelo/futbol-modelo/src/ingestion/entities.py", line 146, in resolve_team
    raise UnknownTeamError(
    ...<2 lines>...
    )
ingestion.entities.UnknownTeamError: Unmapped team 'Monza' from 'understat'. Add it to TEAM_SEED — do not guess.
[07/10/26 09:02:23] INFO     No custom team name replacements found. You can configure   _config.py:92
                             these in                                                                 
                             /Users/joebernal/soccerdata/config/teamname_replacements.js              
                             on.                                                                      
                    INFO     No custom league dict found. You can configure additional  _config.py:190
                             leagues in                                                               
                             /Users/joebernal/soccerdata/config/league_dict.json.                     
                    INFO     Saving cached data to                                      _common.py:250
                             /Users/joebernal/soccerdata/data/Understat                               
[2026-07-10 09:02:23] INFO     TLSLibrary:_load_library:397 - Successfully loaded TLS library: /Users/joebernal/Documents/Projects/Futbol-Modelo/futbol-modelo/.venv/lib/python3.14/site-packages/tls_requests/bin/tls-client-darwin-arm64-1.13.1.dylib
                    INFO     Successfully loaded TLS library:                         libraries.py:397
                             /Users/joebernal/Documents/Projects/Futbol-Modelo/futbol                 
                             -modelo/.venv/lib/python3.14/site-packages/tls_requests/                 
                             bin/tls-client-darwin-arm64-1.13.1.dylib                                 
[07/10/26 09:02:25] INFO     Understat schedule: 380 rows                                 loader.py:99
Traceback (most recent call last):
  File "<frozen runpy>", line 198, in _run_module_as_main
  File "<frozen runpy>", line 88, in _run_code
  File "/Users/joebernal/Documents/Projects/Futbol-Modelo/futbol-modelo/src/ingestion/loader.py", line 370, in <module>
    main()
    ~~~~^^
  File "/Users/joebernal/Documents/Projects/Futbol-Modelo/futbol-modelo/src/ingestion/loader.py", line 335, in main
    load_understat(conn, lg, args.seasons)
    ~~~~~~~~~~~~~~^^^^^^^^^^^^^^^^^^^^^^^^
  File "/Users/joebernal/Documents/Projects/Futbol-Modelo/futbol-modelo/src/ingestion/loader.py", line 102, in load_understat
    home = entities.resolve_team("understat", r["home_team"])
  File "/Users/joebernal/Documents/Projects/Futbol-Modelo/futbol-modelo/src/ingestion/entities.py", line 146, in resolve_team
    raise UnknownTeamError(
    ...<2 lines>...
    )
ingestion.entities.UnknownTeamError: Unmapped team 'Empoli' from 'understat'. Add it to TEAM_SEED — do not guess.
[07/10/26 09:02:25] INFO     No custom team name replacements found. You can configure   _config.py:92
                             these in                                                                 
                             /Users/joebernal/soccerdata/config/teamname_replacements.js              
                             on.                                                                      
                    INFO     No custom league dict found. You can configure additional  _config.py:190
                             leagues in                                                               
                             /Users/joebernal/soccerdata/config/league_dict.json.                     
                    INFO     Saving cached data to                                      _common.py:250
                             /Users/joebernal/soccerdata/data/Understat                               
[2026-07-10 09:02:25] INFO     TLSLibrary:_load_library:397 - Successfully loaded TLS library: /Users/joebernal/Documents/Projects/Futbol-Modelo/futbol-modelo/.venv/lib/python3.14/site-packages/tls_requests/bin/tls-client-darwin-arm64-1.13.1.dylib
                    INFO     Successfully loaded TLS library:                         libraries.py:397
                             /Users/joebernal/Documents/Projects/Futbol-Modelo/futbol                 
                             -modelo/.venv/lib/python3.14/site-packages/tls_requests/                 
                             bin/tls-client-darwin-arm64-1.13.1.dylib                                 
[07/10/26 09:02:28] INFO     Understat schedule: 380 rows                                 loader.py:99
Traceback (most recent call last):
  File "<frozen runpy>", line 198, in _run_module_as_main
  File "<frozen runpy>", line 88, in _run_code
  File "/Users/joebernal/Documents/Projects/Futbol-Modelo/futbol-modelo/src/ingestion/loader.py", line 370, in <module>
    main()
    ~~~~^^
  File "/Users/joebernal/Documents/Projects/Futbol-Modelo/futbol-modelo/src/ingestion/loader.py", line 335, in main
    load_understat(conn, lg, args.seasons)
    ~~~~~~~~~~~~~~^^^^^^^^^^^^^^^^^^^^^^^^
  File "/Users/joebernal/Documents/Projects/Futbol-Modelo/futbol-modelo/src/ingestion/loader.py", line 102, in load_understat
    home = entities.resolve_team("understat", r["home_team"])
  File "/Users/joebernal/Documents/Projects/Futbol-Modelo/futbol-modelo/src/ingestion/entities.py", line 146, in resolve_team
    raise UnknownTeamError(
    ...<2 lines>...
    )
ingestion.entities.UnknownTeamError: Unmapped team 'Empoli' from 'understat'. Add it to TEAM_SEED — do not guess.
[07/10/26 09:02:28] INFO     No custom team name replacements found. You can configure   _config.py:92
                             these in                                                                 
                             /Users/joebernal/soccerdata/config/teamname_replacements.js              
                             on.                                                                      
                    INFO     No custom league dict found. You can configure additional  _config.py:190
                             leagues in                                                               
                             /Users/joebernal/soccerdata/config/league_dict.json.                     
                    INFO     Saving cached data to                                      _common.py:250
                             /Users/joebernal/soccerdata/data/Understat                               
[2026-07-10 09:02:28] INFO     TLSLibrary:_load_library:397 - Successfully loaded TLS library: /Users/joebernal/Documents/Projects/Futbol-Modelo/futbol-modelo/.venv/lib/python3.14/site-packages/tls_requests/bin/tls-client-darwin-arm64-1.13.1.dylib
                    INFO     Successfully loaded TLS library:                         libraries.py:397
                             /Users/joebernal/Documents/Projects/Futbol-Modelo/futbol                 
                             -modelo/.venv/lib/python3.14/site-packages/tls_requests/                 
                             bin/tls-client-darwin-arm64-1.13.1.dylib                                 
[07/10/26 09:02:29] INFO     Understat schedule: 380 rows                                 loader.py:99
[07/10/26 09:02:58] INFO     Understat shots: 9373 rows                                  loader.py:122
[07/10/26 09:10:07] INFO     skipping FBref stage                                        loader.py:341
                    INFO     done: backfill SERIE_A ['2526']                             loader.py:344
[07/10/26 09:11:55] INFO     No custom team name replacements found. You can configure   _config.py:92
                             these in                                                                 
                             /Users/joebernal/soccerdata/config/teamname_replacements.js              
                             on.                                                                      
                    INFO     No custom league dict found. You can configure additional  _config.py:190
                             leagues in                                                               
                             /Users/joebernal/soccerdata/config/league_dict.json.                     
                    INFO     Saving cached data to                                      _common.py:250
                             /Users/joebernal/soccerdata/data/Understat                               
[2026-07-10 09:11:55] INFO     TLSLibrary:_load_library:397 - Successfully loaded TLS library: /Users/joebernal/Documents/Projects/Futbol-Modelo/futbol-modelo/.venv/lib/python3.14/site-packages/tls_requests/bin/tls-client-darwin-arm64-1.13.1.dylib
                    INFO     Successfully loaded TLS library:                         libraries.py:397
                             /Users/joebernal/Documents/Projects/Futbol-Modelo/futbol                 
                             -modelo/.venv/lib/python3.14/site-packages/tls_requests/                 
                             bin/tls-client-darwin-arm64-1.13.1.dylib                                 
                    INFO     Understat schedule: 380 rows                                 loader.py:99
[07/10/26 09:16:12] INFO     Understat shots: 9932 rows                                  loader.py:122
[07/10/26 09:24:28] INFO     skipping FBref stage                                        loader.py:341
                    INFO     done: backfill SERIE_A ['2122']                             loader.py:344
[07/10/26 09:24:29] INFO     No custom team name replacements found. You can configure   _config.py:92
                             these in                                                                 
                             /Users/joebernal/soccerdata/config/teamname_replacements.js              
                             on.                                                                      
                    INFO     No custom league dict found. You can configure additional  _config.py:190
                             leagues in                                                               
                             /Users/joebernal/soccerdata/config/league_dict.json.                     
                    INFO     Saving cached data to                                      _common.py:250
                             /Users/joebernal/soccerdata/data/Understat                               
[2026-07-10 09:24:29] INFO     TLSLibrary:_load_library:397 - Successfully loaded TLS library: /Users/joebernal/Documents/Projects/Futbol-Modelo/futbol-modelo/.venv/lib/python3.14/site-packages/tls_requests/bin/tls-client-darwin-arm64-1.13.1.dylib
                    INFO     Successfully loaded TLS library:                         libraries.py:397
                             /Users/joebernal/Documents/Projects/Futbol-Modelo/futbol                 
                             -modelo/.venv/lib/python3.14/site-packages/tls_requests/                 
                             bin/tls-client-darwin-arm64-1.13.1.dylib                                 
                    INFO     Understat schedule: 380 rows                                 loader.py:99
[07/10/26 09:28:50] INFO     Understat shots: 9675 rows                                  loader.py:122
[07/10/26 09:36:53] INFO     skipping FBref stage                                        loader.py:341
                    INFO     done: backfill SERIE_A ['2223']                             loader.py:344
[07/10/26 09:36:54] INFO     No custom team name replacements found. You can configure   _config.py:92
                             these in                                                                 
                             /Users/joebernal/soccerdata/config/teamname_replacements.js              
                             on.                                                                      
                    INFO     No custom league dict found. You can configure additional  _config.py:190
                             leagues in                                                               
                             /Users/joebernal/soccerdata/config/league_dict.json.                     
                    INFO     Saving cached data to                                      _common.py:250
                             /Users/joebernal/soccerdata/data/Understat                               
[2026-07-10 09:36:54] INFO     TLSLibrary:_load_library:397 - Successfully loaded TLS library: /Users/joebernal/Documents/Projects/Futbol-Modelo/futbol-modelo/.venv/lib/python3.14/site-packages/tls_requests/bin/tls-client-darwin-arm64-1.13.1.dylib
                    INFO     Successfully loaded TLS library:                         libraries.py:397
                             /Users/joebernal/Documents/Projects/Futbol-Modelo/futbol                 
                             -modelo/.venv/lib/python3.14/site-packages/tls_requests/                 
                             bin/tls-client-darwin-arm64-1.13.1.dylib                                 
[07/10/26 09:36:55] INFO     Understat schedule: 380 rows                                 loader.py:99
[07/10/26 09:41:14] INFO     Understat shots: 9728 rows                                  loader.py:122
[07/10/26 09:48:28] INFO     skipping FBref stage                                        loader.py:341
                    INFO     done: backfill SERIE_A ['2324']                             loader.py:344
[07/10/26 09:48:29] INFO     No custom team name replacements found. You can configure   _config.py:92
                             these in                                                                 
                             /Users/joebernal/soccerdata/config/teamname_replacements.js              
                             on.                                                                      
                    INFO     No custom league dict found. You can configure additional  _config.py:190
                             leagues in                                                               
                             /Users/joebernal/soccerdata/config/league_dict.json.                     
                    INFO     Saving cached data to                                      _common.py:250
                             /Users/joebernal/soccerdata/data/Understat                               
[2026-07-10 09:48:29] INFO     TLSLibrary:_load_library:397 - Successfully loaded TLS library: /Users/joebernal/Documents/Projects/Futbol-Modelo/futbol-modelo/.venv/lib/python3.14/site-packages/tls_requests/bin/tls-client-darwin-arm64-1.13.1.dylib
                    INFO     Successfully loaded TLS library:                         libraries.py:397
                             /Users/joebernal/Documents/Projects/Futbol-Modelo/futbol                 
                             -modelo/.venv/lib/python3.14/site-packages/tls_requests/                 
                             bin/tls-client-darwin-arm64-1.13.1.dylib                                 
[07/10/26 09:48:30] INFO     Understat schedule: 380 rows                                 loader.py:99
[07/10/26 09:52:43] INFO     Understat shots: 9242 rows                                  loader.py:122
[07/10/26 09:59:44] INFO     skipping FBref stage                                        loader.py:341
                    INFO     done: backfill SERIE_A ['2425']                             loader.py:344
[07/10/26 09:59:45] INFO     No custom team name replacements found. You can configure   _config.py:92
                             these in                                                                 
                             /Users/joebernal/soccerdata/config/teamname_replacements.js              
                             on.                                                                      
                    INFO     No custom league dict found. You can configure additional  _config.py:190
                             leagues in                                                               
                             /Users/joebernal/soccerdata/config/league_dict.json.                     
                    INFO     Saving cached data to                                      _common.py:250
                             /Users/joebernal/soccerdata/data/Understat                               
[2026-07-10 09:59:45] INFO     TLSLibrary:_load_library:397 - Successfully loaded TLS library: /Users/joebernal/Documents/Projects/Futbol-Modelo/futbol-modelo/.venv/lib/python3.14/site-packages/tls_requests/bin/tls-client-darwin-arm64-1.13.1.dylib
                    INFO     Successfully loaded TLS library:                         libraries.py:397
                             /Users/joebernal/Documents/Projects/Futbol-Modelo/futbol                 
                             -modelo/.venv/lib/python3.14/site-packages/tls_requests/                 
                             bin/tls-client-darwin-arm64-1.13.1.dylib                                 
                    INFO     Understat schedule: 380 rows                                 loader.py:99
[07/10/26 10:00:14] INFO     Understat shots: 9373 rows                                  loader.py:122
[07/10/26 10:07:30] INFO     skipping FBref stage                                        loader.py:341
                    INFO     done: backfill SERIE_A ['2526']                             loader.py:344
