Traceback (most recent call last):
  File "<frozen runpy>", line 198, in _run_module_as_main
  File "<frozen runpy>", line 88, in _run_code
  File "/Users/joebernal/Documents/Projects/Futbol-Modelo/futbol-modelo/src/ingestion/loader.py", line 372, in <module>
    main()
    ~~~~^^
  File "/Users/joebernal/Documents/Projects/Futbol-Modelo/futbol-modelo/src/ingestion/loader.py", line 330, in main
    conn = psycopg2.connect(DSN)
  File "/Users/joebernal/Documents/Projects/Futbol-Modelo/futbol-modelo/.venv/lib/python3.14/site-packages/psycopg2/__init__.py", line 122, in connect
    conn = _connect(dsn, connection_factory=connection_factory, **kwasync)
psycopg2.OperationalError: connection to server at "192.168.4.210", port 5432 failed: FATAL:  password authentication failed for user "futbol"
connection to server at "192.168.4.210", port 5432 failed: FATAL:  password authentication failed for user "futbol"

Traceback (most recent call last):
  File "<frozen runpy>", line 198, in _run_module_as_main
  File "<frozen runpy>", line 88, in _run_code
  File "/Users/joebernal/Documents/Projects/Futbol-Modelo/futbol-modelo/src/ingestion/loader.py", line 372, in <module>
    main()
    ~~~~^^
  File "/Users/joebernal/Documents/Projects/Futbol-Modelo/futbol-modelo/src/ingestion/loader.py", line 330, in main
    conn = psycopg2.connect(DSN)
  File "/Users/joebernal/Documents/Projects/Futbol-Modelo/futbol-modelo/.venv/lib/python3.14/site-packages/psycopg2/__init__.py", line 122, in connect
    conn = _connect(dsn, connection_factory=connection_factory, **kwasync)
psycopg2.OperationalError: connection to server at "192.168.4.210", port 5432 failed: FATAL:  password authentication failed for user "futbol"
connection to server at "192.168.4.210", port 5432 failed: FATAL:  password authentication failed for user "futbol"

Traceback (most recent call last):
  File "<frozen runpy>", line 198, in _run_module_as_main
  File "<frozen runpy>", line 88, in _run_code
  File "/Users/joebernal/Documents/Projects/Futbol-Modelo/futbol-modelo/src/ingestion/loader.py", line 372, in <module>
    main()
    ~~~~^^
  File "/Users/joebernal/Documents/Projects/Futbol-Modelo/futbol-modelo/src/ingestion/loader.py", line 330, in main
    conn = psycopg2.connect(DSN)
  File "/Users/joebernal/Documents/Projects/Futbol-Modelo/futbol-modelo/.venv/lib/python3.14/site-packages/psycopg2/__init__.py", line 122, in connect
    conn = _connect(dsn, connection_factory=connection_factory, **kwasync)
psycopg2.OperationalError: connection to server at "192.168.4.210", port 5432 failed: FATAL:  password authentication failed for user "futbol"
connection to server at "192.168.4.210", port 5432 failed: FATAL:  password authentication failed for user "futbol"

Traceback (most recent call last):
  File "<frozen runpy>", line 198, in _run_module_as_main
  File "<frozen runpy>", line 88, in _run_code
  File "/Users/joebernal/Documents/Projects/Futbol-Modelo/futbol-modelo/src/ingestion/loader.py", line 372, in <module>
    main()
    ~~~~^^
  File "/Users/joebernal/Documents/Projects/Futbol-Modelo/futbol-modelo/src/ingestion/loader.py", line 330, in main
    conn = psycopg2.connect(DSN)
  File "/Users/joebernal/Documents/Projects/Futbol-Modelo/futbol-modelo/.venv/lib/python3.14/site-packages/psycopg2/__init__.py", line 122, in connect
    conn = _connect(dsn, connection_factory=connection_factory, **kwasync)
psycopg2.OperationalError: connection to server at "192.168.4.210", port 5432 failed: FATAL:  password authentication failed for user "futbol"
connection to server at "192.168.4.210", port 5432 failed: FATAL:  password authentication failed for user "futbol"

Traceback (most recent call last):
  File "<frozen runpy>", line 198, in _run_module_as_main
  File "<frozen runpy>", line 88, in _run_code
  File "/Users/joebernal/Documents/Projects/Futbol-Modelo/futbol-modelo/src/ingestion/loader.py", line 372, in <module>
    main()
    ~~~~^^
  File "/Users/joebernal/Documents/Projects/Futbol-Modelo/futbol-modelo/src/ingestion/loader.py", line 330, in main
    conn = psycopg2.connect(DSN)
  File "/Users/joebernal/Documents/Projects/Futbol-Modelo/futbol-modelo/.venv/lib/python3.14/site-packages/psycopg2/__init__.py", line 122, in connect
    conn = _connect(dsn, connection_factory=connection_factory, **kwasync)
psycopg2.OperationalError: connection to server at "192.168.4.210", port 5432 failed: FATAL:  password authentication failed for user "futbol"
connection to server at "192.168.4.210", port 5432 failed: FATAL:  password authentication failed for user "futbol"

[07/11/26 10:11:26] INFO     No custom team name replacements found. You can configure   _config.py:92
                             these in                                                                 
                             /Users/joebernal/soccerdata/config/teamname_replacements.js              
                             on.                                                                      
                    INFO     No custom league dict found. You can configure additional  _config.py:190
                             leagues in                                                               
                             /Users/joebernal/soccerdata/config/league_dict.json.                     
                    INFO     Saving cached data to                                      _common.py:250
                             /Users/joebernal/soccerdata/data/Understat                               
[2026-07-11 10:11:26] INFO     TLSLibrary:_load_library:397 - Successfully loaded TLS library: /Users/joebernal/Documents/Projects/Futbol-Modelo/futbol-modelo/.venv/lib/python3.14/site-packages/tls_requests/bin/tls-client-darwin-arm64-1.13.1.dylib
                    INFO     Successfully loaded TLS library:                         libraries.py:397
                             /Users/joebernal/Documents/Projects/Futbol-Modelo/futbol                 
                             -modelo/.venv/lib/python3.14/site-packages/tls_requests/                 
                             bin/tls-client-darwin-arm64-1.13.1.dylib                                 
[07/11/26 10:11:27] INFO     Understat schedule: 380 rows                                 loader.py:99
[07/11/26 10:11:52] INFO     Understat shots: 9775 rows                                  loader.py:122
[07/11/26 10:18:39] INFO     skipping FBref stage                                        loader.py:343
                    INFO     done: backfill EPL ['2122']                                 loader.py:346
[07/11/26 10:18:40] INFO     No custom team name replacements found. You can configure   _config.py:92
                             these in                                                                 
                             /Users/joebernal/soccerdata/config/teamname_replacements.js              
                             on.                                                                      
                    INFO     No custom league dict found. You can configure additional  _config.py:190
                             leagues in                                                               
                             /Users/joebernal/soccerdata/config/league_dict.json.                     
                    INFO     Saving cached data to                                      _common.py:250
                             /Users/joebernal/soccerdata/data/Understat                               
[2026-07-11 10:18:40] INFO     TLSLibrary:_load_library:397 - Successfully loaded TLS library: /Users/joebernal/Documents/Projects/Futbol-Modelo/futbol-modelo/.venv/lib/python3.14/site-packages/tls_requests/bin/tls-client-darwin-arm64-1.13.1.dylib
                    INFO     Successfully loaded TLS library:                         libraries.py:397
                             /Users/joebernal/Documents/Projects/Futbol-Modelo/futbol                 
                             -modelo/.venv/lib/python3.14/site-packages/tls_requests/                 
                             bin/tls-client-darwin-arm64-1.13.1.dylib                                 
[07/11/26 10:18:41] INFO     Understat schedule: 380 rows                                 loader.py:99
[07/11/26 10:19:06] INFO     Understat shots: 9644 rows                                  loader.py:122
[07/11/26 10:25:59] INFO     skipping FBref stage                                        loader.py:343
                    INFO     done: backfill EPL ['2223']                                 loader.py:346
[07/11/26 10:25:59] INFO     No custom team name replacements found. You can configure   _config.py:92
                             these in                                                                 
                             /Users/joebernal/soccerdata/config/teamname_replacements.js              
                             on.                                                                      
                    INFO     No custom league dict found. You can configure additional  _config.py:190
                             leagues in                                                               
                             /Users/joebernal/soccerdata/config/league_dict.json.                     
                    INFO     Saving cached data to                                      _common.py:250
                             /Users/joebernal/soccerdata/data/Understat                               
[2026-07-11 10:25:59] INFO     TLSLibrary:_load_library:397 - Successfully loaded TLS library: /Users/joebernal/Documents/Projects/Futbol-Modelo/futbol-modelo/.venv/lib/python3.14/site-packages/tls_requests/bin/tls-client-darwin-arm64-1.13.1.dylib
                    INFO     Successfully loaded TLS library:                         libraries.py:397
                             /Users/joebernal/Documents/Projects/Futbol-Modelo/futbol                 
                             -modelo/.venv/lib/python3.14/site-packages/tls_requests/                 
                             bin/tls-client-darwin-arm64-1.13.1.dylib                                 
[07/11/26 10:26:00] INFO     Understat schedule: 380 rows                                 loader.py:99
[07/11/26 10:26:27] INFO     Understat shots: 10524 rows                                 loader.py:122
[07/11/26 10:34:07] INFO     skipping FBref stage                                        loader.py:343
                    INFO     done: backfill EPL ['2324']                                 loader.py:346
[07/11/26 10:34:08] INFO     No custom team name replacements found. You can configure   _config.py:92
                             these in                                                                 
                             /Users/joebernal/soccerdata/config/teamname_replacements.js              
                             on.                                                                      
                    INFO     No custom league dict found. You can configure additional  _config.py:190
                             leagues in                                                               
                             /Users/joebernal/soccerdata/config/league_dict.json.                     
                    INFO     Saving cached data to                                      _common.py:250
                             /Users/joebernal/soccerdata/data/Understat                               
[2026-07-11 10:34:08] INFO     TLSLibrary:_load_library:397 - Successfully loaded TLS library: /Users/joebernal/Documents/Projects/Futbol-Modelo/futbol-modelo/.venv/lib/python3.14/site-packages/tls_requests/bin/tls-client-darwin-arm64-1.13.1.dylib
                    INFO     Successfully loaded TLS library:                         libraries.py:397
                             /Users/joebernal/Documents/Projects/Futbol-Modelo/futbol                 
                             -modelo/.venv/lib/python3.14/site-packages/tls_requests/                 
                             bin/tls-client-darwin-arm64-1.13.1.dylib                                 
                    INFO     Understat schedule: 380 rows                                 loader.py:99
[07/11/26 10:34:34] INFO     Understat shots: 9878 rows                                  loader.py:122
[07/11/26 10:41:38] INFO     skipping FBref stage                                        loader.py:343
                    INFO     done: backfill EPL ['2425']                                 loader.py:346
[07/11/26 10:41:39] INFO     No custom team name replacements found. You can configure   _config.py:92
                             these in                                                                 
                             /Users/joebernal/soccerdata/config/teamname_replacements.js              
                             on.                                                                      
                    INFO     No custom league dict found. You can configure additional  _config.py:190
                             leagues in                                                               
                             /Users/joebernal/soccerdata/config/league_dict.json.                     
                    INFO     Saving cached data to                                      _common.py:250
                             /Users/joebernal/soccerdata/data/Understat                               
[2026-07-11 10:41:39] INFO     TLSLibrary:_load_library:397 - Successfully loaded TLS library: /Users/joebernal/Documents/Projects/Futbol-Modelo/futbol-modelo/.venv/lib/python3.14/site-packages/tls_requests/bin/tls-client-darwin-arm64-1.13.1.dylib
                    INFO     Successfully loaded TLS library:                         libraries.py:397
                             /Users/joebernal/Documents/Projects/Futbol-Modelo/futbol                 
                             -modelo/.venv/lib/python3.14/site-packages/tls_requests/                 
                             bin/tls-client-darwin-arm64-1.13.1.dylib                                 
                    INFO     Understat schedule: 380 rows                                 loader.py:99
[07/11/26 10:42:06] INFO     Understat shots: 9524 rows                                  loader.py:122
[07/11/26 10:48:42] INFO     skipping FBref stage                                        loader.py:343
                    INFO     done: backfill EPL ['2526']                                 loader.py:346
