2026-07-10 08:52:29,399 INFO skipping Understat stage
[07/10/26 08:52:29] INFO     No custom team name replacements found. You can configure   _config.py:92
                             these in                                                                 
                             /Users/joebernal/soccerdata/config/teamname_replacements.js              
                             on.                                                                      
                    INFO     No custom league dict found. You can configure additional  _config.py:190
                             leagues in                                                               
                             /Users/joebernal/soccerdata/config/league_dict.json.                     
                    INFO     Saving cached data to                                      _common.py:250
                             /Users/joebernal/soccerdata/data/FBref                                   
[07/10/26 08:52:32] INFO     FBref season-index came back empty (attempt 1/3), retrying  loader.py:359
                             in 10s...                                                                
[07/10/26 08:52:42] INFO     Saving cached data to                                      _common.py:250
                             /Users/joebernal/soccerdata/data/FBref                                   
[07/10/26 08:52:43] INFO     FBref season-index came back empty (attempt 2/3), retrying  loader.py:359
                             in 20s...                                                                
[07/10/26 08:53:03] INFO     Saving cached data to                                      _common.py:250
                             /Users/joebernal/soccerdata/data/FBref                                   
                    INFO     FBref season-index came back empty (attempt 3/3), retrying  loader.py:359
                             in 30s...                                                                
Traceback (most recent call last):
  File "/Users/joebernal/Documents/Projects/Futbol-Modelo/futbol-modelo/src/ingestion/loader.py", line 352, in _load_fbref_with_retry
    load_fbref(conn, lg, seasons)
    ~~~~~~~~~~^^^^^^^^^^^^^^^^^^^
  File "/Users/joebernal/Documents/Projects/Futbol-Modelo/futbol-modelo/src/ingestion/loader.py", line 165, in load_fbref
    df = fb.read_team_match_stats(stat_type=stat_type).reset_index()
         ~~~~~~~~~~~~~~~~~~~~~~~~^^^^^^^^^^^^^^^^^^^^^
  File "/Users/joebernal/Documents/Projects/Futbol-Modelo/futbol-modelo/.venv/lib/python3.14/site-packages/soccerdata/fbref.py", line 393, in read_team_match_stats
    df_teams = self.read_team_season_stats()
  File "/Users/joebernal/Documents/Projects/Futbol-Modelo/futbol-modelo/.venv/lib/python3.14/site-packages/soccerdata/fbref.py", line 295, in read_team_season_stats
    seasons = self.read_seasons()
  File "/Users/joebernal/Documents/Projects/Futbol-Modelo/futbol-modelo/.venv/lib/python3.14/site-packages/soccerdata/fbref.py", line 231, in read_seasons
    df = pd.concat(seasons).pipe(standardize_colnames)
         ~~~~~~~~~^^^^^^^^^
  File "/Users/joebernal/Documents/Projects/Futbol-Modelo/futbol-modelo/.venv/lib/python3.14/site-packages/pandas/core/reshape/concat.py", line 407, in concat
    objs, keys, ndims = _clean_keys_and_objs(objs, keys)
                        ~~~~~~~~~~~~~~~~~~~~^^^^^^^^^^^^
  File "/Users/joebernal/Documents/Projects/Futbol-Modelo/futbol-modelo/.venv/lib/python3.14/site-packages/pandas/core/reshape/concat.py", line 808, in _clean_keys_and_objs
    raise ValueError("No objects to concatenate")
ValueError: No objects to concatenate

The above exception was the direct cause of the following exception:

Traceback (most recent call last):
  File "<frozen runpy>", line 198, in _run_module_as_main
  File "<frozen runpy>", line 88, in _run_code
  File "/Users/joebernal/Documents/Projects/Futbol-Modelo/futbol-modelo/src/ingestion/loader.py", line 370, in <module>
    main()
    ~~~~^^
  File "/Users/joebernal/Documents/Projects/Futbol-Modelo/futbol-modelo/src/ingestion/loader.py", line 339, in main
    _load_fbref_with_retry(conn, lg, args.seasons)
    ~~~~~~~~~~~~~~~~~~~~~~^^^^^^^^^^^^^^^^^^^^^^^^
  File "/Users/joebernal/Documents/Projects/Futbol-Modelo/futbol-modelo/src/ingestion/loader.py", line 362, in _load_fbref_with_retry
    raise RuntimeError(
    ...<3 lines>...
    ) from last_err
RuntimeError: FBref season-index kept returning empty after 3 attempts. This is usually transient bot-detection — try again in a few minutes, or run with --skip-understat to retry just this stage.
